2026-05-04T19:36:51.056+0100 [INFO]  Terraform version: 1.14.8
2026-05-04T19:36:51.086+0100 [DEBUG] using github.com/hashicorp/go-tfe v1.94.0
2026-05-04T19:36:51.086+0100 [DEBUG] using github.com/hashicorp/hcl/v2 v2.24.0
2026-05-04T19:36:51.086+0100 [DEBUG] using github.com/hashicorp/terraform-svchost v0.1.1
2026-05-04T19:36:51.086+0100 [DEBUG] using github.com/zclconf/go-cty v1.16.3
2026-05-04T19:36:51.086+0100 [INFO]  Go runtime version: go1.25.8
2026-05-04T19:36:51.086+0100 [INFO]  CLI args: []string{"terraform", "apply"}
2026-05-04T19:36:51.088+0100 [DEBUG] Attempting to open CLI config file: C:\Users\wassi\AppData\Roaming\terraform.rc
2026-05-04T19:36:51.089+0100 [DEBUG] File doesn't exist, but doesn't need to. Ignoring.
2026-05-04T19:36:51.089+0100 [DEBUG] ignoring non-existing provider search directory terraform.d/plugins
2026-05-04T19:36:51.089+0100 [DEBUG] ignoring non-existing provider search directory C:\Users\wassi\AppData\Roaming\terraform.d\plugins
2026-05-04T19:36:51.090+0100 [DEBUG] ignoring non-existing provider search directory C:\Users\wassi\AppData\Roaming\HashiCorp\Terraform\plugins
2026-05-04T19:36:51.090+0100 [INFO]  CLI command args: []string{"apply"}
2026-05-04T19:36:51.094+0100 [DEBUG] checking for provisioner in "."
2026-05-04T19:36:51.095+0100 [DEBUG] checking for provisioner in "C:\\Users\\wassi\\terraform_1.14.8_windows_amd64"
2026-05-04T19:36:51.097+0100 [INFO]  backend/local: starting Apply operation
2026-05-04T19:37:22.679+0100 [INFO]  Terraform version: 1.14.8
2026-05-04T19:37:22.710+0100 [DEBUG] using github.com/hashicorp/go-tfe v1.94.0
2026-05-04T19:37:22.710+0100 [DEBUG] using github.com/hashicorp/hcl/v2 v2.24.0
2026-05-04T19:37:22.710+0100 [DEBUG] using github.com/hashicorp/terraform-svchost v0.1.1
2026-05-04T19:37:22.710+0100 [DEBUG] using github.com/zclconf/go-cty v1.16.3
2026-05-04T19:37:22.710+0100 [INFO]  Go runtime version: go1.25.8
2026-05-04T19:37:22.710+0100 [INFO]  CLI args: []string{"terraform", "init"}
2026-05-04T19:37:22.715+0100 [DEBUG] Attempting to open CLI config file: C:\Users\wassi\AppData\Roaming\terraform.rc
2026-05-04T19:37:22.715+0100 [DEBUG] File doesn't exist, but doesn't need to. Ignoring.
2026-05-04T19:37:22.715+0100 [DEBUG] ignoring non-existing provider search directory terraform.d/plugins
2026-05-04T19:37:22.715+0100 [DEBUG] ignoring non-existing provider search directory C:\Users\wassi\AppData\Roaming\terraform.d\plugins
2026-05-04T19:37:22.715+0100 [DEBUG] ignoring non-existing provider search directory C:\Users\wassi\AppData\Roaming\HashiCorp\Terraform\plugins
2026-05-04T19:37:22.715+0100 [INFO]  CLI command args: []string{"init"}
2026-05-04T19:37:22.719+0100 [DEBUG] checking for provisioner in "."
2026-05-04T19:37:22.719+0100 [DEBUG] checking for provisioner in "C:\\Users\\wassi\\terraform_1.14.8_windows_amd64"
2026-05-04T19:37:22.720+0100 [DEBUG] Service discovery for registry.terraform.io at https://registry.terraform.io/.well-known/terraform.json
2026-05-04T19:37:23.245+0100 [DEBUG] GET https://registry.terraform.io/v1/providers/hashicorp/google/versions
2026-05-04T19:37:23.500+0100 [DEBUG] GET https://registry.terraform.io/v1/providers/hashicorp/google/5.45.2/download/windows/amd64
2026-05-04T19:37:23.748+0100 [DEBUG] GET https://releases.hashicorp.com/terraform-provider-google/5.45.2/terraform-provider-google_5.45.2_SHA256SUMS
2026-05-04T19:37:24.152+0100 [DEBUG] GET https://releases.hashicorp.com/terraform-provider-google/5.45.2/terraform-provider-google_5.45.2_SHA256SUMS.72D7468F.sig
2026-05-04T19:37:30.244+0100 [WARN]  expired openpgp key from HashiCorp Security (hashicorp.com/security) <security@hashicorp.com>
2026-05-04T19:37:30.244+0100 [DEBUG] Provider signed by 34365D9472D7468F HashiCorp Security (hashicorp.com/security) <security@hashicorp.com>
2026-05-04T19:37:30.248+0100 [WARN]  expired openpgp key from HashiCorp Security (hashicorp.com/security) <security@hashicorp.com>
2026-05-04T19:37:39.105+0100 [INFO]  Terraform version: 1.14.8
2026-05-04T19:37:39.133+0100 [DEBUG] using github.com/hashicorp/go-tfe v1.94.0
2026-05-04T19:37:39.133+0100 [DEBUG] using github.com/hashicorp/hcl/v2 v2.24.0
2026-05-04T19:37:39.133+0100 [DEBUG] using github.com/hashicorp/terraform-svchost v0.1.1
2026-05-04T19:37:39.133+0100 [DEBUG] using github.com/zclconf/go-cty v1.16.3
2026-05-04T19:37:39.133+0100 [INFO]  Go runtime version: go1.25.8
2026-05-04T19:37:39.133+0100 [INFO]  CLI args: []string{"terraform", "apply"}
2026-05-04T19:37:39.137+0100 [DEBUG] Attempting to open CLI config file: C:\Users\wassi\AppData\Roaming\terraform.rc
2026-05-04T19:37:39.137+0100 [DEBUG] File doesn't exist, but doesn't need to. Ignoring.
2026-05-04T19:37:39.141+0100 [DEBUG] ignoring non-existing provider search directory terraform.d/plugins
2026-05-04T19:37:39.141+0100 [DEBUG] ignoring non-existing provider search directory C:\Users\wassi\AppData\Roaming\terraform.d\plugins
2026-05-04T19:37:39.142+0100 [DEBUG] ignoring non-existing provider search directory C:\Users\wassi\AppData\Roaming\HashiCorp\Terraform\plugins
2026-05-04T19:37:39.142+0100 [INFO]  CLI command args: []string{"apply"}
2026-05-04T19:37:39.275+0100 [DEBUG] checking for provisioner in "."
2026-05-04T19:37:39.275+0100 [DEBUG] checking for provisioner in "C:\\Users\\wassi\\terraform_1.14.8_windows_amd64"
2026-05-04T19:37:39.275+0100 [INFO]  backend/local: starting Apply operation
2026-05-04T19:37:39.281+0100 [DEBUG] created provider logger: level=debug
2026-05-04T19:37:39.281+0100 [INFO]  provider: configuring client automatic mTLS
2026-05-04T19:37:39.298+0100 [DEBUG] provider: starting plugin: path=.terraform/providers/registry.terraform.io/hashicorp/google/5.45.2/windows_amd64/terraform-provider-google_v5.45.2_x5.exe args=[".terraform/providers/registry.terraform.io/hashicorp/google/5.45.2/windows_amd64/terraform-provider-google_v5.45.2_x5.exe"]
2026-05-04T19:37:39.306+0100 [DEBUG] provider: plugin started: path=.terraform/providers/registry.terraform.io/hashicorp/google/5.45.2/windows_amd64/terraform-provider-google_v5.45.2_x5.exe pid=24780
2026-05-04T19:37:39.306+0100 [DEBUG] provider: waiting for RPC address: plugin=.terraform/providers/registry.terraform.io/hashicorp/google/5.45.2/windows_amd64/terraform-provider-google_v5.45.2_x5.exe
2026-05-04T19:37:39.478+0100 [INFO]  provider.terraform-provider-google_v5.45.2_x5.exe: configuring server automatic mTLS: timestamp="2026-05-04T19:37:39.411+0100"
2026-05-04T19:37:39.502+0100 [DEBUG] provider.terraform-provider-google_v5.45.2_x5.exe: plugin address: address=127.0.0.1:10000 network=tcp timestamp="2026-05-04T19:37:39.502+0100"
2026-05-04T19:37:39.504+0100 [DEBUG] provider: using plugin: version=5
2026-05-04T19:37:39.789+0100 [DEBUG] provider.stdio: received EOF, stopping recv loop: err="rpc error: code = Unavailable desc = error reading from server: EOF"
2026-05-04T19:37:39.804+0100 [INFO]  provider: plugin process exited: plugin=.terraform/providers/registry.terraform.io/hashicorp/google/5.45.2/windows_amd64/terraform-provider-google_v5.45.2_x5.exe id=24780
2026-05-04T19:37:39.804+0100 [DEBUG] provider: plugin exited
2026-05-04T19:37:39.805+0100 [DEBUG] Building and walking validate graph
2026-05-04T19:37:39.805+0100 [DEBUG] ProviderTransformer: "google_storage_bucket.tfstate" (*terraform.NodeValidatableResource) needs provider["registry.terraform.io/hashicorp/google"]
2026-05-04T19:37:39.805+0100 [DEBUG] ReferenceTransformer: "google_storage_bucket.tfstate" references: [var.bucket_name var.region]
2026-05-04T19:37:39.805+0100 [DEBUG] ReferenceTransformer: "var.project_id" references: []
2026-05-04T19:37:39.805+0100 [DEBUG] ReferenceTransformer: "var.region" references: []
2026-05-04T19:37:39.805+0100 [DEBUG] ReferenceTransformer: "var.bucket_name" references: []
2026-05-04T19:37:39.805+0100 [DEBUG] ReferenceTransformer: "output.bucket_name (expand)" references: [google_storage_bucket.tfstate]
2026-05-04T19:37:39.805+0100 [DEBUG] ReferenceTransformer: "output.project_id (expand)" references: [var.project_id]
2026-05-04T19:37:39.805+0100 [DEBUG] ReferenceTransformer: "provider[\"registry.terraform.io/hashicorp/google\"]" references: [var.region var.project_id]
2026-05-04T19:37:39.806+0100 [DEBUG] Starting graph walk: walkValidate
2026-05-04T19:37:39.806+0100 [DEBUG] created provider logger: level=debug
2026-05-04T19:37:39.806+0100 [INFO]  provider: configuring client automatic mTLS
2026-05-04T19:37:39.814+0100 [DEBUG] provider: starting plugin: path=.terraform/providers/registry.terraform.io/hashicorp/google/5.45.2/windows_amd64/terraform-provider-google_v5.45.2_x5.exe args=[".terraform/providers/registry.terraform.io/hashicorp/google/5.45.2/windows_amd64/terraform-provider-google_v5.45.2_x5.exe"]
2026-05-04T19:37:39.816+0100 [DEBUG] provider: plugin started: path=.terraform/providers/registry.terraform.io/hashicorp/google/5.45.2/windows_amd64/terraform-provider-google_v5.45.2_x5.exe pid=25356
2026-05-04T19:37:39.816+0100 [DEBUG] provider: waiting for RPC address: plugin=.terraform/providers/registry.terraform.io/hashicorp/google/5.45.2/windows_amd64/terraform-provider-google_v5.45.2_x5.exe
2026-05-04T19:37:39.975+0100 [INFO]  provider.terraform-provider-google_v5.45.2_x5.exe: configuring server automatic mTLS: timestamp="2026-05-04T19:37:39.921+0100"
2026-05-04T19:37:39.990+0100 [DEBUG] provider.terraform-provider-google_v5.45.2_x5.exe: plugin address: address=127.0.0.1:10000 network=tcp timestamp="2026-05-04T19:37:39.990+0100"
2026-05-04T19:37:39.990+0100 [DEBUG] provider: using plugin: version=5
2026-05-04T19:37:40.061+0100 [DEBUG] provider.stdio: received EOF, stopping recv loop: err="rpc error: code = Unavailable desc = error reading from server: EOF"
2026-05-04T19:37:40.077+0100 [INFO]  provider: plugin process exited: plugin=.terraform/providers/registry.terraform.io/hashicorp/google/5.45.2/windows_amd64/terraform-provider-google_v5.45.2_x5.exe id=25356
2026-05-04T19:37:40.077+0100 [DEBUG] provider: plugin exited
2026-05-04T19:37:40.077+0100 [INFO]  backend/local: apply calling Plan
2026-05-04T19:37:40.077+0100 [DEBUG] Building and walking plan graph for NormalMode
2026-05-04T19:37:40.078+0100 [DEBUG] ProviderTransformer: "google_storage_bucket.tfstate (expand)" (*terraform.nodeExpandPlannableResource) needs provider["registry.terraform.io/hashicorp/google"]
2026-05-04T19:37:40.078+0100 [DEBUG] ReferenceTransformer: "var.project_id" references: []
2026-05-04T19:37:40.078+0100 [DEBUG] ReferenceTransformer: "var.region" references: []
2026-05-04T19:37:40.078+0100 [DEBUG] ReferenceTransformer: "output.project_id (expand)" references: [var.project_id]
2026-05-04T19:37:40.078+0100 [DEBUG] ReferenceTransformer: "output.bucket_name (expand)" references: [google_storage_bucket.tfstate (expand)]
2026-05-04T19:37:40.078+0100 [DEBUG] ReferenceTransformer: "provider[\"registry.terraform.io/hashicorp/google\"]" references: [var.region var.project_id]
2026-05-04T19:37:40.078+0100 [DEBUG] ReferenceTransformer: "google_storage_bucket.tfstate (expand)" references: [var.bucket_name var.region]
2026-05-04T19:37:40.078+0100 [DEBUG] ReferenceTransformer: "var.bucket_name" references: []
2026-05-04T19:37:40.078+0100 [DEBUG] Starting graph walk: walkPlan
2026-05-04T19:37:40.078+0100 [DEBUG] created provider logger: level=debug
2026-05-04T19:37:40.079+0100 [INFO]  provider: configuring client automatic mTLS
2026-05-04T19:37:40.083+0100 [DEBUG] provider: starting plugin: path=.terraform/providers/registry.terraform.io/hashicorp/google/5.45.2/windows_amd64/terraform-provider-google_v5.45.2_x5.exe args=[".terraform/providers/registry.terraform.io/hashicorp/google/5.45.2/windows_amd64/terraform-provider-google_v5.45.2_x5.exe"]
2026-05-04T19:37:40.087+0100 [DEBUG] provider: plugin started: path=.terraform/providers/registry.terraform.io/hashicorp/google/5.45.2/windows_amd64/terraform-provider-google_v5.45.2_x5.exe pid=31280
2026-05-04T19:37:40.087+0100 [DEBUG] provider: waiting for RPC address: plugin=.terraform/providers/registry.terraform.io/hashicorp/google/5.45.2/windows_amd64/terraform-provider-google_v5.45.2_x5.exe
2026-05-04T19:37:40.203+0100 [INFO]  provider.terraform-provider-google_v5.45.2_x5.exe: configuring server automatic mTLS: timestamp="2026-05-04T19:37:40.156+0100"
2026-05-04T19:37:40.230+0100 [DEBUG] provider: using plugin: version=5
2026-05-04T19:37:40.230+0100 [DEBUG] provider.terraform-provider-google_v5.45.2_x5.exe: plugin address: address=127.0.0.1:10000 network=tcp timestamp="2026-05-04T19:37:40.229+0100"
2026-05-04T19:37:40.324+0100 [INFO]  provider.terraform-provider-google_v5.45.2_x5.exe: Authenticating using DefaultClient...: tf_mux_provider="*proto5server.Server" tf_provider_addr=registry.terraform.io/hashicorp/google @caller=github.com/hashicorp/terraform-provider-google/google/fwtransport/framework_config.go:1842 @module=google tf_req_id=fc23b3c9-9dce-54f7-cfb5-478fbd86beb1 tf_rpc=ConfigureProvider timestamp="2026-05-04T19:37:40.324+0100"
2026-05-04T19:37:40.325+0100 [INFO]  provider.terraform-provider-google_v5.45.2_x5.exe:   -- Scopes: [https://www.googleapis.com/auth/cloud-platform https://www.googleapis.com/auth/userinfo.email]: @caller=github.com/hashicorp/terraform-provider-google/google/fwtransport/framework_config.go:1843 tf_mux_provider="*proto5server.Server" tf_req_id=fc23b3c9-9dce-54f7-cfb5-478fbd86beb1 @module=google tf_provider_addr=registry.terraform.io/hashicorp/google tf_rpc=ConfigureProvider timestamp="2026-05-04T19:37:40.324+0100"
2026-05-04T19:37:40.326+0100 [INFO]  provider.terraform-provider-google_v5.45.2_x5.exe: Authenticating using DefaultClient...: @caller=github.com/hashicorp/terraform-provider-google/google/fwtransport/framework_config.go:1842 tf_provider_addr=registry.terraform.io/hashicorp/google tf_req_id=fc23b3c9-9dce-54f7-cfb5-478fbd86beb1 tf_rpc=ConfigureProvider @module=google tf_mux_provider="*proto5server.Server" timestamp="2026-05-04T19:37:40.325+0100"
2026-05-04T19:37:40.326+0100 [INFO]  provider.terraform-provider-google_v5.45.2_x5.exe:   -- Scopes: [https://www.googleapis.com/auth/cloud-platform https://www.googleapis.com/auth/userinfo.email]: tf_mux_provider="*proto5server.Server" tf_provider_addr=registry.terraform.io/hashicorp/google tf_rpc=ConfigureProvider @module=google tf_req_id=fc23b3c9-9dce-54f7-cfb5-478fbd86beb1 @caller=github.com/hashicorp/terraform-provider-google/google/fwtransport/framework_config.go:1843 timestamp="2026-05-04T19:37:40.325+0100"
2026-05-04T19:37:40.326+0100 [DEBUG] provider.terraform-provider-google_v5.45.2_x5.exe: 2026/05/04 19:37:40 [DEBUG] Waiting for state to become: [success]
2026-05-04T19:37:41.136+0100 [INFO]  provider.terraform-provider-google_v5.45.2_x5.exe: Terraform is using this identity: mariemmehry@gmail.com: tf_rpc=ConfigureProvider @module=google tf_mux_provider="*proto5server.Server" @caller=github.com/hashicorp/terraform-provider-google/google/fwtransport/framework_config.go:1712 tf_provider_addr=registry.terraform.io/hashicorp/google tf_req_id=fc23b3c9-9dce-54f7-cfb5-478fbd86beb1 timestamp="2026-05-04T19:37:41.134+0100"
2026-05-04T19:37:41.141+0100 [DEBUG] provider.terraform-provider-google_v5.45.2_x5.exe: 2026/05/04 19:37:41 [INFO] Authenticating using DefaultClient...
2026-05-04T19:37:41.141+0100 [DEBUG] provider.terraform-provider-google_v5.45.2_x5.exe: 2026/05/04 19:37:41 [INFO]   -- Scopes: [https://www.googleapis.com/auth/cloud-platform https://www.googleapis.com/auth/userinfo.email]
2026-05-04T19:37:41.142+0100 [DEBUG] provider.terraform-provider-google_v5.45.2_x5.exe: 2026/05/04 19:37:41 [INFO] Authenticating using DefaultClient...
2026-05-04T19:37:41.142+0100 [DEBUG] provider.terraform-provider-google_v5.45.2_x5.exe: 2026/05/04 19:37:41 [INFO]   -- Scopes: [https://www.googleapis.com/auth/cloud-platform https://www.googleapis.com/auth/userinfo.email]
2026-05-04T19:37:41.142+0100 [DEBUG] provider.terraform-provider-google_v5.45.2_x5.exe: 2026/05/04 19:37:41 [DEBUG] Waiting for state to become: [success]
2026-05-04T19:37:41.358+0100 [DEBUG] provider.terraform-provider-google_v5.45.2_x5.exe: 2026/05/04 19:37:41 [INFO] Terraform is using this identity: mariemmehry@gmail.com
2026-05-04T19:37:41.359+0100 [DEBUG] provider.terraform-provider-google_v5.45.2_x5.exe: 2026/05/04 19:37:41 [DEBUG] parent context canceled, cleaning up batcher batches
2026-05-04T19:37:41.359+0100 [DEBUG] provider.terraform-provider-google_v5.45.2_x5.exe: 2026/05/04 19:37:41 [DEBUG] Stopping batcher "Service Usage"
2026-05-04T19:37:41.359+0100 [DEBUG] provider.terraform-provider-google_v5.45.2_x5.exe: 2026/05/04 19:37:41 [DEBUG] parent context canceled, cleaning up batcher batches
2026-05-04T19:37:41.359+0100 [DEBUG] provider.terraform-provider-google_v5.45.2_x5.exe: 2026/05/04 19:37:41 [DEBUG] Stopping batcher "IAM"
2026-05-04T19:37:41.359+0100 [DEBUG] Resource instance state not found for node "google_storage_bucket.tfstate", instance google_storage_bucket.tfstate
2026-05-04T19:37:41.359+0100 [DEBUG] ReferenceTransformer: "google_storage_bucket.tfstate" references: []
2026-05-04T19:37:41.361+0100 [DEBUG] refresh: google_storage_bucket.tfstate: no state, so not refreshing
2026-05-04T19:37:41.397+0100 [WARN]  Provider "registry.terraform.io/hashicorp/google" produced an invalid plan for google_storage_bucket.tfstate, but we are tolerating it because it is using the legacy plugin SDK.
    The following problems may be the cause of any confusing errors from downstream operations:
      - .storage_class: planned value cty.StringVal("STANDARD") for a non-computed attribute
      - .location: planned value cty.StringVal("EUROPE-WEST1") does not match config value cty.StringVal("europe-west1")
      - .soft_delete_policy: attribute representing nested block must not be unknown itself; set nested attribute values to unknown instead
      - .website: attribute representing nested block must not be unknown itself; set nested attribute values to unknown instead
2026-05-04T19:37:41.401+0100 [DEBUG] provider.terraform-provider-google_v5.45.2_x5.exe: 2026/05/04 19:37:41 [DEBUG] [transport] [server-transport 0xc0004f7500] Closing: Server.Stop called 
2026-05-04T19:37:41.402+0100 [DEBUG] provider.terraform-provider-google_v5.45.2_x5.exe: 2026/05/04 19:37:41 [DEBUG] [transport] [server-transport 0xc0004f7500] loopyWriter exiting with error: transport closed by client 
2026-05-04T19:37:41.402+0100 [DEBUG] provider.stdio: received EOF, stopping recv loop: err="rpc error: code = Unavailable desc = error reading from server: EOF"
2026-05-04T19:37:41.436+0100 [INFO]  provider: plugin process exited: plugin=.terraform/providers/registry.terraform.io/hashicorp/google/5.45.2/windows_amd64/terraform-provider-google_v5.45.2_x5.exe id=31280
2026-05-04T19:37:41.436+0100 [DEBUG] provider: plugin exited
2026-05-04T19:37:41.438+0100 [DEBUG] building apply graph to check for errors
2026-05-04T19:37:41.440+0100 [DEBUG] Resource state not found for node "google_storage_bucket.tfstate", instance google_storage_bucket.tfstate
2026-05-04T19:37:41.441+0100 [DEBUG] ProviderTransformer: "google_storage_bucket.tfstate" (*terraform.NodeApplyableResourceInstance) needs provider["registry.terraform.io/hashicorp/google"]
2026-05-04T19:37:41.441+0100 [DEBUG] ProviderTransformer: "google_storage_bucket.tfstate (expand)" (*terraform.nodeExpandApplyableResource) needs provider["registry.terraform.io/hashicorp/google"]
2026-05-04T19:37:41.441+0100 [DEBUG] ReferenceTransformer: "google_storage_bucket.tfstate" references: [var.bucket_name var.region]
2026-05-04T19:37:41.441+0100 [DEBUG] ReferenceTransformer: "provider[\"registry.terraform.io/hashicorp/google\"]" references: [var.region var.project_id]
2026-05-04T19:37:41.442+0100 [DEBUG] ReferenceTransformer: "google_storage_bucket.tfstate (expand)" references: [var.bucket_name var.region]
2026-05-04T19:37:41.442+0100 [DEBUG] ReferenceTransformer: "var.project_id" references: []
2026-05-04T19:37:41.442+0100 [DEBUG] ReferenceTransformer: "var.region" references: []
2026-05-04T19:37:41.442+0100 [DEBUG] ReferenceTransformer: "var.bucket_name" references: []
2026-05-04T19:37:41.442+0100 [DEBUG] ReferenceTransformer: "output.bucket_name (expand)" references: [google_storage_bucket.tfstate google_storage_bucket.tfstate google_storage_bucket.tfstate (expand)]
2026-05-04T19:37:41.442+0100 [DEBUG] ReferenceTransformer: "output.project_id (expand)" references: [var.project_id]
2026-05-04T19:37:41.467+0100 [DEBUG] command: asking for input: "\nDo you want to perform these actions?"
2026-05-04T19:38:02.973+0100 [INFO]  backend/local: apply calling Apply
2026-05-04T19:38:02.973+0100 [DEBUG] Building and walking apply graph for NormalMode plan
2026-05-04T19:38:02.973+0100 [DEBUG] Resource state not found for node "google_storage_bucket.tfstate", instance google_storage_bucket.tfstate
2026-05-04T19:38:02.973+0100 [DEBUG] ProviderTransformer: "google_storage_bucket.tfstate" (*terraform.NodeApplyableResourceInstance) needs provider["registry.terraform.io/hashicorp/google"]
2026-05-04T19:38:02.973+0100 [DEBUG] ProviderTransformer: "google_storage_bucket.tfstate (expand)" (*terraform.nodeExpandApplyableResource) needs provider["registry.terraform.io/hashicorp/google"]
2026-05-04T19:38:02.973+0100 [DEBUG] ReferenceTransformer: "var.region" references: []
2026-05-04T19:38:02.973+0100 [DEBUG] ReferenceTransformer: "output.bucket_name (expand)" references: [google_storage_bucket.tfstate google_storage_bucket.tfstate google_storage_bucket.tfstate (expand)]
2026-05-04T19:38:02.973+0100 [DEBUG] ReferenceTransformer: "output.project_id (expand)" references: [var.project_id]
2026-05-04T19:38:02.973+0100 [DEBUG] ReferenceTransformer: "google_storage_bucket.tfstate" references: [var.bucket_name var.region]
2026-05-04T19:38:02.973+0100 [DEBUG] ReferenceTransformer: "provider[\"registry.terraform.io/hashicorp/google\"]" references: [var.region var.project_id]
2026-05-04T19:38:02.973+0100 [DEBUG] ReferenceTransformer: "google_storage_bucket.tfstate (expand)" references: [var.bucket_name var.region]
2026-05-04T19:38:02.973+0100 [DEBUG] ReferenceTransformer: "var.bucket_name" references: []
2026-05-04T19:38:02.973+0100 [DEBUG] ReferenceTransformer: "var.project_id" references: []
2026-05-04T19:38:02.974+0100 [DEBUG] Starting graph walk: walkApply
2026-05-04T19:38:02.975+0100 [DEBUG] created provider logger: level=debug
2026-05-04T19:38:02.975+0100 [INFO]  provider: configuring client automatic mTLS
2026-05-04T19:38:02.981+0100 [DEBUG] provider: starting plugin: path=.terraform/providers/registry.terraform.io/hashicorp/google/5.45.2/windows_amd64/terraform-provider-google_v5.45.2_x5.exe args=[".terraform/providers/registry.terraform.io/hashicorp/google/5.45.2/windows_amd64/terraform-provider-google_v5.45.2_x5.exe"]
2026-05-04T19:38:02.984+0100 [DEBUG] provider: plugin started: path=.terraform/providers/registry.terraform.io/hashicorp/google/5.45.2/windows_amd64/terraform-provider-google_v5.45.2_x5.exe pid=15628
2026-05-04T19:38:02.984+0100 [DEBUG] provider: waiting for RPC address: plugin=.terraform/providers/registry.terraform.io/hashicorp/google/5.45.2/windows_amd64/terraform-provider-google_v5.45.2_x5.exe
2026-05-04T19:38:03.088+0100 [INFO]  provider.terraform-provider-google_v5.45.2_x5.exe: configuring server automatic mTLS: timestamp="2026-05-04T19:38:03.060+0100"
2026-05-04T19:38:03.100+0100 [DEBUG] provider.terraform-provider-google_v5.45.2_x5.exe: plugin address: address=127.0.0.1:10000 network=tcp timestamp="2026-05-04T19:38:03.099+0100"
2026-05-04T19:38:03.100+0100 [DEBUG] provider: using plugin: version=5
2026-05-04T19:38:03.169+0100 [INFO]  provider.terraform-provider-google_v5.45.2_x5.exe: Authenticating using DefaultClient...: @caller=github.com/hashicorp/terraform-provider-google/google/fwtransport/framework_config.go:1842 tf_mux_provider="*proto5server.Server" tf_provider_addr=registry.terraform.io/hashicorp/google tf_req_id=08af3f5b-361e-6281-459c-f85bba8e3116 tf_rpc=ConfigureProvider @module=google timestamp="2026-05-04T19:38:03.169+0100"
2026-05-04T19:38:03.169+0100 [INFO]  provider.terraform-provider-google_v5.45.2_x5.exe:   -- Scopes: [https://www.googleapis.com/auth/cloud-platform https://www.googleapis.com/auth/userinfo.email]: @module=google tf_req_id=08af3f5b-361e-6281-459c-f85bba8e3116 tf_rpc=ConfigureProvider @caller=github.com/hashicorp/terraform-provider-google/google/fwtransport/framework_config.go:1843 tf_mux_provider="*proto5server.Server" tf_provider_addr=registry.terraform.io/hashicorp/google timestamp="2026-05-04T19:38:03.169+0100"
2026-05-04T19:38:03.169+0100 [INFO]  provider.terraform-provider-google_v5.45.2_x5.exe: Authenticating using DefaultClient...: tf_rpc=ConfigureProvider @caller=github.com/hashicorp/terraform-provider-google/google/fwtransport/framework_config.go:1842 tf_provider_addr=registry.terraform.io/hashicorp/google @module=google tf_mux_provider="*proto5server.Server" tf_req_id=08af3f5b-361e-6281-459c-f85bba8e3116 timestamp="2026-05-04T19:38:03.169+0100"
2026-05-04T19:38:03.169+0100 [INFO]  provider.terraform-provider-google_v5.45.2_x5.exe:   -- Scopes: [https://www.googleapis.com/auth/cloud-platform https://www.googleapis.com/auth/userinfo.email]: @caller=github.com/hashicorp/terraform-provider-google/google/fwtransport/framework_config.go:1843 tf_provider_addr=registry.terraform.io/hashicorp/google tf_rpc=ConfigureProvider @module=google tf_mux_provider="*proto5server.Server" tf_req_id=08af3f5b-361e-6281-459c-f85bba8e3116 timestamp="2026-05-04T19:38:03.169+0100"
2026-05-04T19:38:03.170+0100 [DEBUG] provider.terraform-provider-google_v5.45.2_x5.exe: 2026/05/04 19:38:03 [DEBUG] Waiting for state to become: [success]
2026-05-04T19:38:03.807+0100 [INFO]  provider.terraform-provider-google_v5.45.2_x5.exe: Terraform is using this identity: mariemmehry@gmail.com: @caller=github.com/hashicorp/terraform-provider-google/google/fwtransport/framework_config.go:1712 tf_mux_provider="*proto5server.Server" tf_req_id=08af3f5b-361e-6281-459c-f85bba8e3116 @module=google tf_provider_addr=registry.terraform.io/hashicorp/google tf_rpc=ConfigureProvider timestamp="2026-05-04T19:38:03.807+0100"
2026-05-04T19:38:03.810+0100 [DEBUG] provider.terraform-provider-google_v5.45.2_x5.exe: 2026/05/04 19:38:03 [INFO] Authenticating using DefaultClient...
2026-05-04T19:38:03.810+0100 [DEBUG] provider.terraform-provider-google_v5.45.2_x5.exe: 2026/05/04 19:38:03 [INFO]   -- Scopes: [https://www.googleapis.com/auth/cloud-platform https://www.googleapis.com/auth/userinfo.email]
2026-05-04T19:38:03.810+0100 [DEBUG] provider.terraform-provider-google_v5.45.2_x5.exe: 2026/05/04 19:38:03 [INFO] Authenticating using DefaultClient...
2026-05-04T19:38:03.810+0100 [DEBUG] provider.terraform-provider-google_v5.45.2_x5.exe: 2026/05/04 19:38:03 [INFO]   -- Scopes: [https://www.googleapis.com/auth/cloud-platform https://www.googleapis.com/auth/userinfo.email]
2026-05-04T19:38:03.811+0100 [DEBUG] provider.terraform-provider-google_v5.45.2_x5.exe: 2026/05/04 19:38:03 [DEBUG] Waiting for state to become: [success]
2026-05-04T19:38:04.052+0100 [DEBUG] provider.terraform-provider-google_v5.45.2_x5.exe: 2026/05/04 19:38:04 [INFO] Terraform is using this identity: mariemmehry@gmail.com
2026-05-04T19:38:04.053+0100 [DEBUG] provider.terraform-provider-google_v5.45.2_x5.exe: 2026/05/04 19:38:04 [DEBUG] parent context canceled, cleaning up batcher batches
2026-05-04T19:38:04.053+0100 [DEBUG] provider.terraform-provider-google_v5.45.2_x5.exe: 2026/05/04 19:38:04 [DEBUG] Stopping batcher "Service Usage"
2026-05-04T19:38:04.053+0100 [DEBUG] provider.terraform-provider-google_v5.45.2_x5.exe: 2026/05/04 19:38:04 [DEBUG] parent context canceled, cleaning up batcher batches
2026-05-04T19:38:04.053+0100 [DEBUG] provider.terraform-provider-google_v5.45.2_x5.exe: 2026/05/04 19:38:04 [DEBUG] Stopping batcher "IAM"
2026-05-04T19:38:04.069+0100 [WARN]  Provider "registry.terraform.io/hashicorp/google" produced an invalid plan for google_storage_bucket.tfstate, but we are tolerating it because it is using the legacy plugin SDK.
    The following problems may be the cause of any confusing errors from downstream operations:
      - .location: planned value cty.StringVal("EUROPE-WEST1") does not match config value cty.StringVal("europe-west1")
      - .storage_class: planned value cty.StringVal("STANDARD") for a non-computed attribute
      - .soft_delete_policy: attribute representing nested block must not be unknown itself; set nested attribute values to unknown instead
      - .website: attribute representing nested block must not be unknown itself; set nested attribute values to unknown instead
2026-05-04T19:38:04.074+0100 [INFO]  Starting apply for google_storage_bucket.tfstate
2026-05-04T19:38:04.075+0100 [DEBUG] google_storage_bucket.tfstate: applying the planned Create change
2026-05-04T19:38:04.079+0100 [DEBUG] provider.terraform-provider-google_v5.45.2_x5.exe: 2026/05/04 19:38:04 [DEBUG] setting computed for "soft_delete_policy" from ComputedKeys
2026-05-04T19:38:04.081+0100 [DEBUG] provider.terraform-provider-google_v5.45.2_x5.exe: 2026/05/04 19:38:04 [DEBUG] setting computed for "website" from ComputedKeys
2026-05-04T19:38:04.081+0100 [DEBUG] provider.terraform-provider-google_v5.45.2_x5.exe: 2026/05/04 19:38:04 [DEBUG] Waiting for state to become: [success]
2026-05-04T19:38:04.081+0100 [DEBUG] provider.terraform-provider-google_v5.45.2_x5.exe: 2026/05/04 19:38:04 [INFO] Instantiating Google Storage client for path https://storage.googleapis.com/storage/v1/
2026-05-04T19:38:04.083+0100 [DEBUG] provider.terraform-provider-google_v5.45.2_x5.exe: 2026/05/04 19:38:04 [DEBUG] Retry Transport: starting RoundTrip retry loop
2026-05-04T19:38:04.084+0100 [DEBUG] provider.terraform-provider-google_v5.45.2_x5.exe: 2026/05/04 19:38:04 [DEBUG] Retry Transport: request attempt 0
2026-05-04T19:38:04.084+0100 [DEBUG] provider.terraform-provider-google_v5.45.2_x5.exe: 2026/05/04 19:38:04 [DEBUG] Google API Request Details:
2026-05-04T19:38:04.084+0100 [DEBUG] provider.terraform-provider-google_v5.45.2_x5.exe: ---[ REQUEST ]---------------------------------------
2026-05-04T19:38:04.084+0100 [DEBUG] provider.terraform-provider-google_v5.45.2_x5.exe: POST /storage/v1/b?alt=json&prettyPrint=false&project=pfe-2026-495220 HTTP/1.1
2026-05-04T19:38:04.084+0100 [DEBUG] provider.terraform-provider-google_v5.45.2_x5.exe: Host: storage.googleapis.com
2026-05-04T19:38:04.084+0100 [DEBUG] provider.terraform-provider-google_v5.45.2_x5.exe: User-Agent: google-api-go-client/0.5 Terraform/1.14.8 (+https://www.terraform.io) Terraform-Plugin-SDK/2.33.0 terraform-provider-google/5.45.2
2026-05-04T19:38:04.084+0100 [DEBUG] provider.terraform-provider-google_v5.45.2_x5.exe: Content-Length: 366
2026-05-04T19:38:04.084+0100 [DEBUG] provider.terraform-provider-google_v5.45.2_x5.exe: Content-Type: application/json
2026-05-04T19:38:04.084+0100 [DEBUG] provider.terraform-provider-google_v5.45.2_x5.exe: X-Goog-Api-Client: gl-go/1.21.13 gdcl/0.191.0
2026-05-04T19:38:04.084+0100 [DEBUG] provider.terraform-provider-google_v5.45.2_x5.exe: Accept-Encoding: gzip
2026-05-04T19:38:04.084+0100 [DEBUG] provider.terraform-provider-google_v5.45.2_x5.exe
2026-05-04T19:38:04.084+0100 [DEBUG] provider.terraform-provider-google_v5.45.2_x5.exe: {
2026-05-04T19:38:04.084+0100 [DEBUG] provider.terraform-provider-google_v5.45.2_x5.exe:  "iamConfiguration": {
2026-05-04T19:38:04.084+0100 [DEBUG] provider.terraform-provider-google_v5.45.2_x5.exe:   "uniformBucketLevelAccess": {
2026-05-04T19:38:04.084+0100 [DEBUG] provider.terraform-provider-google_v5.45.2_x5.exe:    "enabled": true
2026-05-04T19:38:04.084+0100 [DEBUG] provider.terraform-provider-google_v5.45.2_x5.exe:   }
2026-05-04T19:38:04.084+0100 [DEBUG] provider.terraform-provider-google_v5.45.2_x5.exe:  },
2026-05-04T19:38:04.084+0100 [DEBUG] provider.terraform-provider-google_v5.45.2_x5.exe:  "labels": {
2026-05-04T19:38:04.084+0100 [DEBUG] provider.terraform-provider-google_v5.45.2_x5.exe:   "managed-by": "terraform",
2026-05-04T19:38:04.084+0100 [DEBUG] provider.terraform-provider-google_v5.45.2_x5.exe:   "project": "pfe",
2026-05-04T19:38:04.084+0100 [DEBUG] provider.terraform-provider-google_v5.45.2_x5.exe:   "purpose": "terraform-remote-backend"
2026-05-04T19:38:04.084+0100 [DEBUG] provider.terraform-provider-google_v5.45.2_x5.exe:  },
2026-05-04T19:38:04.084+0100 [DEBUG] provider.terraform-provider-google_v5.45.2_x5.exe:  "lifecycle": {
2026-05-04T19:38:04.084+0100 [DEBUG] provider.terraform-provider-google_v5.45.2_x5.exe:   "rule": [
2026-05-04T19:38:04.084+0100 [DEBUG] provider.terraform-provider-google_v5.45.2_x5.exe:    {
2026-05-04T19:38:04.084+0100 [DEBUG] provider.terraform-provider-google_v5.45.2_x5.exe:     "action": {
2026-05-04T19:38:04.084+0100 [DEBUG] provider.terraform-provider-google_v5.45.2_x5.exe:      "type": "Delete"
2026-05-04T19:38:04.084+0100 [DEBUG] provider.terraform-provider-google_v5.45.2_x5.exe:     },
2026-05-04T19:38:04.084+0100 [DEBUG] provider.terraform-provider-google_v5.45.2_x5.exe:     "condition": {
2026-05-04T19:38:04.084+0100 [DEBUG] provider.terraform-provider-google_v5.45.2_x5.exe:      "age": 0,
2026-05-04T19:38:04.084+0100 [DEBUG] provider.terraform-provider-google_v5.45.2_x5.exe:      "numNewerVersions": 7
2026-05-04T19:38:04.084+0100 [DEBUG] provider.terraform-provider-google_v5.45.2_x5.exe:     }
2026-05-04T19:38:04.084+0100 [DEBUG] provider.terraform-provider-google_v5.45.2_x5.exe:    }
2026-05-04T19:38:04.084+0100 [DEBUG] provider.terraform-provider-google_v5.45.2_x5.exe:   ]
2026-05-04T19:38:04.084+0100 [DEBUG] provider.terraform-provider-google_v5.45.2_x5.exe:  },
2026-05-04T19:38:04.084+0100 [DEBUG] provider.terraform-provider-google_v5.45.2_x5.exe:  "location": "europe-west1",
2026-05-04T19:38:04.084+0100 [DEBUG] provider.terraform-provider-google_v5.45.2_x5.exe:  "name": "tfstate-pfe-2026-495220",
2026-05-04T19:38:04.084+0100 [DEBUG] provider.terraform-provider-google_v5.45.2_x5.exe:  "storageClass": "STANDARD",
2026-05-04T19:38:04.084+0100 [DEBUG] provider.terraform-provider-google_v5.45.2_x5.exe:  "versioning": {
2026-05-04T19:38:04.084+0100 [DEBUG] provider.terraform-provider-google_v5.45.2_x5.exe:   "enabled": true
2026-05-04T19:38:04.084+0100 [DEBUG] provider.terraform-provider-google_v5.45.2_x5.exe:  }
2026-05-04T19:38:04.084+0100 [DEBUG] provider.terraform-provider-google_v5.45.2_x5.exe: }
2026-05-04T19:38:04.084+0100 [DEBUG] provider.terraform-provider-google_v5.45.2_x5.exe
2026-05-04T19:38:04.084+0100 [DEBUG] provider.terraform-provider-google_v5.45.2_x5.exe: -----------------------------------------------------
2026-05-04T19:38:05.908+0100 [DEBUG] provider.terraform-provider-google_v5.45.2_x5.exe: 2026/05/04 19:38:05 [DEBUG] Google API Response Details:
2026-05-04T19:38:05.908+0100 [DEBUG] provider.terraform-provider-google_v5.45.2_x5.exe: ---[ RESPONSE ]--------------------------------------
2026-05-04T19:38:05.908+0100 [DEBUG] provider.terraform-provider-google_v5.45.2_x5.exe: HTTP/2.0 200 OK
2026-05-04T19:38:05.908+0100 [DEBUG] provider.terraform-provider-google_v5.45.2_x5.exe: Content-Length: 972
2026-05-04T19:38:05.908+0100 [DEBUG] provider.terraform-provider-google_v5.45.2_x5.exe: Alt-Svc: h3=":443"; ma=2592000,h3-29=":443"; ma=2592000
2026-05-04T19:38:05.908+0100 [DEBUG] provider.terraform-provider-google_v5.45.2_x5.exe: Cache-Control: no-cache, no-store, max-age=0, must-revalidate
2026-05-04T19:38:05.908+0100 [DEBUG] provider.terraform-provider-google_v5.45.2_x5.exe: Content-Type: application/json; charset=UTF-8
2026-05-04T19:38:05.908+0100 [DEBUG] provider.terraform-provider-google_v5.45.2_x5.exe: Date: Mon, 04 May 2026 18:38:06 GMT
2026-05-04T19:38:05.908+0100 [DEBUG] provider.terraform-provider-google_v5.45.2_x5.exe: Etag: CAE=
2026-05-04T19:38:05.908+0100 [DEBUG] provider.terraform-provider-google_v5.45.2_x5.exe: Expires: Mon, 01 Jan 1990 00:00:00 GMT
2026-05-04T19:38:05.908+0100 [DEBUG] provider.terraform-provider-google_v5.45.2_x5.exe: Pragma: no-cache
2026-05-04T19:38:05.908+0100 [DEBUG] provider.terraform-provider-google_v5.45.2_x5.exe: Server: UploadServer
2026-05-04T19:38:05.908+0100 [DEBUG] provider.terraform-provider-google_v5.45.2_x5.exe: Vary: Origin
2026-05-04T19:38:05.908+0100 [DEBUG] provider.terraform-provider-google_v5.45.2_x5.exe: Vary: X-Origin
2026-05-04T19:38:05.908+0100 [DEBUG] provider.terraform-provider-google_v5.45.2_x5.exe: X-Guploader-Uploadid: AAVLpEjO5jsvFgFIWhGfMoyP7yMEvp14w0HVBCcGHbePHFkf8lxzAC4PS5lrijL6mVQfOx3abLWcaV0
2026-05-04T19:38:05.908+0100 [DEBUG] provider.terraform-provider-google_v5.45.2_x5.exe
2026-05-04T19:38:05.908+0100 [DEBUG] provider.terraform-provider-google_v5.45.2_x5.exe: {
2026-05-04T19:38:05.908+0100 [DEBUG] provider.terraform-provider-google_v5.45.2_x5.exe:  "kind": "storage#bucket",
2026-05-04T19:38:05.908+0100 [DEBUG] provider.terraform-provider-google_v5.45.2_x5.exe:  "selfLink": "https://www.googleapis.com/storage/v1/b/tfstate-pfe-2026-495220",
2026-05-04T19:38:05.908+0100 [DEBUG] provider.terraform-provider-google_v5.45.2_x5.exe:  "id": "tfstate-pfe-2026-495220",
2026-05-04T19:38:05.908+0100 [DEBUG] provider.terraform-provider-google_v5.45.2_x5.exe:  "name": "tfstate-pfe-2026-495220",
2026-05-04T19:38:05.908+0100 [DEBUG] provider.terraform-provider-google_v5.45.2_x5.exe:  "projectNumber": "76761593242",
2026-05-04T19:38:05.908+0100 [DEBUG] provider.terraform-provider-google_v5.45.2_x5.exe:  "generation": "1777919885878687037",
2026-05-04T19:38:05.908+0100 [DEBUG] provider.terraform-provider-google_v5.45.2_x5.exe:  "metageneration": "1",
2026-05-04T19:38:05.908+0100 [DEBUG] provider.terraform-provider-google_v5.45.2_x5.exe:  "location": "EUROPE-WEST1",
2026-05-04T19:38:05.908+0100 [DEBUG] provider.terraform-provider-google_v5.45.2_x5.exe:  "storageClass": "STANDARD",
2026-05-04T19:38:05.908+0100 [DEBUG] provider.terraform-provider-google_v5.45.2_x5.exe:  "etag": "CAE=",
2026-05-04T19:38:05.908+0100 [DEBUG] provider.terraform-provider-google_v5.45.2_x5.exe:  "timeCreated": "2026-05-04T18:38:06.289Z",
2026-05-04T19:38:05.908+0100 [DEBUG] provider.terraform-provider-google_v5.45.2_x5.exe:  "updated": "2026-05-04T18:38:06.289Z",
2026-05-04T19:38:05.908+0100 [DEBUG] provider.terraform-provider-google_v5.45.2_x5.exe:  "versioning": {
2026-05-04T19:38:05.908+0100 [DEBUG] provider.terraform-provider-google_v5.45.2_x5.exe:   "enabled": true
2026-05-04T19:38:05.908+0100 [DEBUG] provider.terraform-provider-google_v5.45.2_x5.exe:  },
2026-05-04T19:38:05.908+0100 [DEBUG] provider.terraform-provider-google_v5.45.2_x5.exe:  "lifecycle": {
2026-05-04T19:38:05.908+0100 [DEBUG] provider.terraform-provider-google_v5.45.2_x5.exe:   "rule": [
2026-05-04T19:38:05.908+0100 [DEBUG] provider.terraform-provider-google_v5.45.2_x5.exe:    {
2026-05-04T19:38:05.908+0100 [DEBUG] provider.terraform-provider-google_v5.45.2_x5.exe:     "action": {
2026-05-04T19:38:05.908+0100 [DEBUG] provider.terraform-provider-google_v5.45.2_x5.exe:      "type": "Delete"
2026-05-04T19:38:05.908+0100 [DEBUG] provider.terraform-provider-google_v5.45.2_x5.exe:     },
2026-05-04T19:38:05.908+0100 [DEBUG] provider.terraform-provider-google_v5.45.2_x5.exe:     "condition": {
2026-05-04T19:38:05.908+0100 [DEBUG] provider.terraform-provider-google_v5.45.2_x5.exe:      "age": 0,
2026-05-04T19:38:05.908+0100 [DEBUG] provider.terraform-provider-google_v5.45.2_x5.exe:      "numNewerVersions": 7
2026-05-04T19:38:05.908+0100 [DEBUG] provider.terraform-provider-google_v5.45.2_x5.exe:     }
2026-05-04T19:38:05.908+0100 [DEBUG] provider.terraform-provider-google_v5.45.2_x5.exe:    }
2026-05-04T19:38:05.908+0100 [DEBUG] provider.terraform-provider-google_v5.45.2_x5.exe:   ]
2026-05-04T19:38:05.909+0100 [DEBUG] provider.terraform-provider-google_v5.45.2_x5.exe:  },
2026-05-04T19:38:05.909+0100 [DEBUG] provider.terraform-provider-google_v5.45.2_x5.exe:  "labels": {
2026-05-04T19:38:05.909+0100 [DEBUG] provider.terraform-provider-google_v5.45.2_x5.exe:   "managed-by": "terraform",
2026-05-04T19:38:05.909+0100 [DEBUG] provider.terraform-provider-google_v5.45.2_x5.exe:   "purpose": "terraform-remote-backend",
2026-05-04T19:38:05.909+0100 [DEBUG] provider.terraform-provider-google_v5.45.2_x5.exe:   "project": "pfe"
2026-05-04T19:38:05.909+0100 [DEBUG] provider.terraform-provider-google_v5.45.2_x5.exe:  },
2026-05-04T19:38:05.909+0100 [DEBUG] provider.terraform-provider-google_v5.45.2_x5.exe:  "softDeletePolicy": {
2026-05-04T19:38:05.909+0100 [DEBUG] provider.terraform-provider-google_v5.45.2_x5.exe:   "retentionDurationSeconds": "604800",
2026-05-04T19:38:05.909+0100 [DEBUG] provider.terraform-provider-google_v5.45.2_x5.exe:   "effectiveTime": "2026-05-04T18:38:06.289Z"
2026-05-04T19:38:05.909+0100 [DEBUG] provider.terraform-provider-google_v5.45.2_x5.exe:  },
2026-05-04T19:38:05.909+0100 [DEBUG] provider.terraform-provider-google_v5.45.2_x5.exe:  "iamConfiguration": {
2026-05-04T19:38:05.909+0100 [DEBUG] provider.terraform-provider-google_v5.45.2_x5.exe:   "bucketPolicyOnly": {
2026-05-04T19:38:05.909+0100 [DEBUG] provider.terraform-provider-google_v5.45.2_x5.exe:    "enabled": true,
2026-05-04T19:38:05.909+0100 [DEBUG] provider.terraform-provider-google_v5.45.2_x5.exe:    "lockedTime": "2026-08-02T18:38:06.289Z"
2026-05-04T19:38:05.909+0100 [DEBUG] provider.terraform-provider-google_v5.45.2_x5.exe:   },
2026-05-04T19:38:05.909+0100 [DEBUG] provider.terraform-provider-google_v5.45.2_x5.exe:   "uniformBucketLevelAccess": {
2026-05-04T19:38:05.909+0100 [DEBUG] provider.terraform-provider-google_v5.45.2_x5.exe:    "enabled": true,
2026-05-04T19:38:05.909+0100 [DEBUG] provider.terraform-provider-google_v5.45.2_x5.exe:    "lockedTime": "2026-08-02T18:38:06.289Z"
2026-05-04T19:38:05.909+0100 [DEBUG] provider.terraform-provider-google_v5.45.2_x5.exe:   },
2026-05-04T19:38:05.909+0100 [DEBUG] provider.terraform-provider-google_v5.45.2_x5.exe:   "publicAccessPrevention": "inherited"
2026-05-04T19:38:05.909+0100 [DEBUG] provider.terraform-provider-google_v5.45.2_x5.exe:  },
2026-05-04T19:38:05.909+0100 [DEBUG] provider.terraform-provider-google_v5.45.2_x5.exe:  "locationType": "region",
2026-05-04T19:38:05.909+0100 [DEBUG] provider.terraform-provider-google_v5.45.2_x5.exe:  "satisfiesPZI": true
2026-05-04T19:38:05.909+0100 [DEBUG] provider.terraform-provider-google_v5.45.2_x5.exe: }
2026-05-04T19:38:05.909+0100 [DEBUG] provider.terraform-provider-google_v5.45.2_x5.exe: -----------------------------------------------------
2026-05-04T19:38:05.909+0100 [DEBUG] provider.terraform-provider-google_v5.45.2_x5.exe: 2026/05/04 19:38:05 [DEBUG] Retry Transport: Stopping retries, last request was successful
2026-05-04T19:38:05.909+0100 [DEBUG] provider.terraform-provider-google_v5.45.2_x5.exe: 2026/05/04 19:38:05 [DEBUG] Retry Transport: Returning after 1 attempts
2026-05-04T19:38:05.909+0100 [DEBUG] provider.terraform-provider-google_v5.45.2_x5.exe: 2026/05/04 19:38:05 [DEBUG] Created bucket tfstate-pfe-2026-495220 at location https://www.googleapis.com/storage/v1/b/tfstate-pfe-2026-495220
2026-05-04T19:38:05.909+0100 [DEBUG] provider.terraform-provider-google_v5.45.2_x5.exe
2026-05-04T19:38:05.909+0100 [DEBUG] provider.terraform-provider-google_v5.45.2_x5.exe: 2026/05/04 19:38:05 [DEBUG] Waiting for state to become: [success]
2026-05-04T19:38:05.909+0100 [DEBUG] provider.terraform-provider-google_v5.45.2_x5.exe: 2026/05/04 19:38:05 [INFO] Instantiating Google Storage client for path https://storage.googleapis.com/storage/v1/
2026-05-04T19:38:05.910+0100 [DEBUG] provider.terraform-provider-google_v5.45.2_x5.exe: 2026/05/04 19:38:05 [DEBUG] Retry Transport: starting RoundTrip retry loop
2026-05-04T19:38:05.910+0100 [DEBUG] provider.terraform-provider-google_v5.45.2_x5.exe: 2026/05/04 19:38:05 [DEBUG] Retry Transport: request attempt 0
2026-05-04T19:38:05.910+0100 [DEBUG] provider.terraform-provider-google_v5.45.2_x5.exe: 2026/05/04 19:38:05 [DEBUG] Google API Request Details:
2026-05-04T19:38:05.910+0100 [DEBUG] provider.terraform-provider-google_v5.45.2_x5.exe: ---[ REQUEST ]---------------------------------------
2026-05-04T19:38:05.910+0100 [DEBUG] provider.terraform-provider-google_v5.45.2_x5.exe: GET /storage/v1/b/tfstate-pfe-2026-495220?alt=json&prettyPrint=false HTTP/1.1
2026-05-04T19:38:05.910+0100 [DEBUG] provider.terraform-provider-google_v5.45.2_x5.exe: Host: storage.googleapis.com
2026-05-04T19:38:05.910+0100 [DEBUG] provider.terraform-provider-google_v5.45.2_x5.exe: User-Agent: google-api-go-client/0.5 Terraform/1.14.8 (+https://www.terraform.io) Terraform-Plugin-SDK/2.33.0 terraform-provider-google/5.45.2
2026-05-04T19:38:05.910+0100 [DEBUG] provider.terraform-provider-google_v5.45.2_x5.exe: X-Goog-Api-Client: gl-go/1.21.13 gdcl/0.191.0
2026-05-04T19:38:05.910+0100 [DEBUG] provider.terraform-provider-google_v5.45.2_x5.exe: Accept-Encoding: gzip
2026-05-04T19:38:05.910+0100 [DEBUG] provider.terraform-provider-google_v5.45.2_x5.exe
2026-05-04T19:38:05.910+0100 [DEBUG] provider.terraform-provider-google_v5.45.2_x5.exe
2026-05-04T19:38:05.910+0100 [DEBUG] provider.terraform-provider-google_v5.45.2_x5.exe: -----------------------------------------------------
2026-05-04T19:38:06.117+0100 [DEBUG] provider.terraform-provider-google_v5.45.2_x5.exe: 2026/05/04 19:38:06 [DEBUG] Google API Response Details:
2026-05-04T19:38:06.117+0100 [DEBUG] provider.terraform-provider-google_v5.45.2_x5.exe: ---[ RESPONSE ]--------------------------------------
2026-05-04T19:38:06.117+0100 [DEBUG] provider.terraform-provider-google_v5.45.2_x5.exe: HTTP/2.0 200 OK
2026-05-04T19:38:06.117+0100 [DEBUG] provider.terraform-provider-google_v5.45.2_x5.exe: Content-Length: 972
2026-05-04T19:38:06.117+0100 [DEBUG] provider.terraform-provider-google_v5.45.2_x5.exe: Alt-Svc: h3=":443"; ma=2592000,h3-29=":443"; ma=2592000
2026-05-04T19:38:06.117+0100 [DEBUG] provider.terraform-provider-google_v5.45.2_x5.exe: Cache-Control: private, max-age=0, must-revalidate, no-transform
2026-05-04T19:38:06.117+0100 [DEBUG] provider.terraform-provider-google_v5.45.2_x5.exe: Content-Type: application/json; charset=UTF-8
2026-05-04T19:38:06.117+0100 [DEBUG] provider.terraform-provider-google_v5.45.2_x5.exe: Date: Mon, 04 May 2026 18:38:06 GMT
2026-05-04T19:38:06.117+0100 [DEBUG] provider.terraform-provider-google_v5.45.2_x5.exe: Etag: CAE=
2026-05-04T19:38:06.117+0100 [DEBUG] provider.terraform-provider-google_v5.45.2_x5.exe: Expires: Mon, 04 May 2026 18:38:06 GMT
2026-05-04T19:38:06.117+0100 [DEBUG] provider.terraform-provider-google_v5.45.2_x5.exe: Server: UploadServer
2026-05-04T19:38:06.117+0100 [DEBUG] provider.terraform-provider-google_v5.45.2_x5.exe: Vary: Origin
2026-05-04T19:38:06.117+0100 [DEBUG] provider.terraform-provider-google_v5.45.2_x5.exe: Vary: X-Origin
2026-05-04T19:38:06.117+0100 [DEBUG] provider.terraform-provider-google_v5.45.2_x5.exe: X-Guploader-Uploadid: AAVLpEjrSFKtWIDQfHIj6B7vVQVwwBc8FjFiiRHXkBiJKJ_mgozoVq96UeMItumtdne_s_NB
2026-05-04T19:38:06.117+0100 [DEBUG] provider.terraform-provider-google_v5.45.2_x5.exe
2026-05-04T19:38:06.117+0100 [DEBUG] provider.terraform-provider-google_v5.45.2_x5.exe: {
2026-05-04T19:38:06.117+0100 [DEBUG] provider.terraform-provider-google_v5.45.2_x5.exe:  "kind": "storage#bucket",
2026-05-04T19:38:06.117+0100 [DEBUG] provider.terraform-provider-google_v5.45.2_x5.exe:  "selfLink": "https://www.googleapis.com/storage/v1/b/tfstate-pfe-2026-495220",
2026-05-04T19:38:06.117+0100 [DEBUG] provider.terraform-provider-google_v5.45.2_x5.exe:  "id": "tfstate-pfe-2026-495220",
2026-05-04T19:38:06.117+0100 [DEBUG] provider.terraform-provider-google_v5.45.2_x5.exe:  "name": "tfstate-pfe-2026-495220",
2026-05-04T19:38:06.117+0100 [DEBUG] provider.terraform-provider-google_v5.45.2_x5.exe:  "projectNumber": "76761593242",
2026-05-04T19:38:06.117+0100 [DEBUG] provider.terraform-provider-google_v5.45.2_x5.exe:  "generation": "1777919885878687037",
2026-05-04T19:38:06.117+0100 [DEBUG] provider.terraform-provider-google_v5.45.2_x5.exe:  "metageneration": "1",
2026-05-04T19:38:06.117+0100 [DEBUG] provider.terraform-provider-google_v5.45.2_x5.exe:  "location": "EUROPE-WEST1",
2026-05-04T19:38:06.117+0100 [DEBUG] provider.terraform-provider-google_v5.45.2_x5.exe:  "storageClass": "STANDARD",
2026-05-04T19:38:06.117+0100 [DEBUG] provider.terraform-provider-google_v5.45.2_x5.exe:  "etag": "CAE=",
2026-05-04T19:38:06.117+0100 [DEBUG] provider.terraform-provider-google_v5.45.2_x5.exe:  "timeCreated": "2026-05-04T18:38:06.289Z",
2026-05-04T19:38:06.117+0100 [DEBUG] provider.terraform-provider-google_v5.45.2_x5.exe:  "updated": "2026-05-04T18:38:06.289Z",
2026-05-04T19:38:06.117+0100 [DEBUG] provider.terraform-provider-google_v5.45.2_x5.exe:  "versioning": {
2026-05-04T19:38:06.117+0100 [DEBUG] provider.terraform-provider-google_v5.45.2_x5.exe:   "enabled": true
2026-05-04T19:38:06.117+0100 [DEBUG] provider.terraform-provider-google_v5.45.2_x5.exe:  },
2026-05-04T19:38:06.117+0100 [DEBUG] provider.terraform-provider-google_v5.45.2_x5.exe:  "lifecycle": {
2026-05-04T19:38:06.117+0100 [DEBUG] provider.terraform-provider-google_v5.45.2_x5.exe:   "rule": [
2026-05-04T19:38:06.117+0100 [DEBUG] provider.terraform-provider-google_v5.45.2_x5.exe:    {
2026-05-04T19:38:06.117+0100 [DEBUG] provider.terraform-provider-google_v5.45.2_x5.exe:     "action": {
2026-05-04T19:38:06.117+0100 [DEBUG] provider.terraform-provider-google_v5.45.2_x5.exe:      "type": "Delete"
2026-05-04T19:38:06.117+0100 [DEBUG] provider.terraform-provider-google_v5.45.2_x5.exe:     },
2026-05-04T19:38:06.117+0100 [DEBUG] provider.terraform-provider-google_v5.45.2_x5.exe:     "condition": {
2026-05-04T19:38:06.117+0100 [DEBUG] provider.terraform-provider-google_v5.45.2_x5.exe:      "age": 0,
2026-05-04T19:38:06.117+0100 [DEBUG] provider.terraform-provider-google_v5.45.2_x5.exe:      "numNewerVersions": 7
2026-05-04T19:38:06.117+0100 [DEBUG] provider.terraform-provider-google_v5.45.2_x5.exe:     }
2026-05-04T19:38:06.117+0100 [DEBUG] provider.terraform-provider-google_v5.45.2_x5.exe:    }
2026-05-04T19:38:06.117+0100 [DEBUG] provider.terraform-provider-google_v5.45.2_x5.exe:   ]
2026-05-04T19:38:06.117+0100 [DEBUG] provider.terraform-provider-google_v5.45.2_x5.exe:  },
2026-05-04T19:38:06.117+0100 [DEBUG] provider.terraform-provider-google_v5.45.2_x5.exe:  "labels": {
2026-05-04T19:38:06.117+0100 [DEBUG] provider.terraform-provider-google_v5.45.2_x5.exe:   "project": "pfe",
2026-05-04T19:38:06.117+0100 [DEBUG] provider.terraform-provider-google_v5.45.2_x5.exe:   "purpose": "terraform-remote-backend",
2026-05-04T19:38:06.117+0100 [DEBUG] provider.terraform-provider-google_v5.45.2_x5.exe:   "managed-by": "terraform"
2026-05-04T19:38:06.117+0100 [DEBUG] provider.terraform-provider-google_v5.45.2_x5.exe:  },
2026-05-04T19:38:06.117+0100 [DEBUG] provider.terraform-provider-google_v5.45.2_x5.exe:  "softDeletePolicy": {
2026-05-04T19:38:06.117+0100 [DEBUG] provider.terraform-provider-google_v5.45.2_x5.exe:   "retentionDurationSeconds": "604800",
2026-05-04T19:38:06.117+0100 [DEBUG] provider.terraform-provider-google_v5.45.2_x5.exe:   "effectiveTime": "2026-05-04T18:38:06.289Z"
2026-05-04T19:38:06.117+0100 [DEBUG] provider.terraform-provider-google_v5.45.2_x5.exe:  },
2026-05-04T19:38:06.117+0100 [DEBUG] provider.terraform-provider-google_v5.45.2_x5.exe:  "iamConfiguration": {
2026-05-04T19:38:06.117+0100 [DEBUG] provider.terraform-provider-google_v5.45.2_x5.exe:   "bucketPolicyOnly": {
2026-05-04T19:38:06.117+0100 [DEBUG] provider.terraform-provider-google_v5.45.2_x5.exe:    "enabled": true,
2026-05-04T19:38:06.117+0100 [DEBUG] provider.terraform-provider-google_v5.45.2_x5.exe:    "lockedTime": "2026-08-02T18:38:06.289Z"
2026-05-04T19:38:06.117+0100 [DEBUG] provider.terraform-provider-google_v5.45.2_x5.exe:   },
2026-05-04T19:38:06.117+0100 [DEBUG] provider.terraform-provider-google_v5.45.2_x5.exe:   "uniformBucketLevelAccess": {
2026-05-04T19:38:06.117+0100 [DEBUG] provider.terraform-provider-google_v5.45.2_x5.exe:    "enabled": true,
2026-05-04T19:38:06.117+0100 [DEBUG] provider.terraform-provider-google_v5.45.2_x5.exe:    "lockedTime": "2026-08-02T18:38:06.289Z"
2026-05-04T19:38:06.117+0100 [DEBUG] provider.terraform-provider-google_v5.45.2_x5.exe:   },
2026-05-04T19:38:06.117+0100 [DEBUG] provider.terraform-provider-google_v5.45.2_x5.exe:   "publicAccessPrevention": "inherited"
2026-05-04T19:38:06.117+0100 [DEBUG] provider.terraform-provider-google_v5.45.2_x5.exe:  },
2026-05-04T19:38:06.117+0100 [DEBUG] provider.terraform-provider-google_v5.45.2_x5.exe:  "locationType": "region",
2026-05-04T19:38:06.117+0100 [DEBUG] provider.terraform-provider-google_v5.45.2_x5.exe:  "satisfiesPZI": true
2026-05-04T19:38:06.118+0100 [DEBUG] provider.terraform-provider-google_v5.45.2_x5.exe: }
2026-05-04T19:38:06.118+0100 [DEBUG] provider.terraform-provider-google_v5.45.2_x5.exe: -----------------------------------------------------
2026-05-04T19:38:06.118+0100 [DEBUG] provider.terraform-provider-google_v5.45.2_x5.exe: 2026/05/04 19:38:06 [DEBUG] Retry Transport: Stopping retries, last request was successful
2026-05-04T19:38:06.118+0100 [DEBUG] provider.terraform-provider-google_v5.45.2_x5.exe: 2026/05/04 19:38:06 [DEBUG] Retry Transport: Returning after 1 attempts
2026-05-04T19:38:06.118+0100 [DEBUG] provider.terraform-provider-google_v5.45.2_x5.exe: 2026/05/04 19:38:06 [DEBUG] Waiting for state to become: [success]
2026-05-04T19:38:06.118+0100 [DEBUG] provider.terraform-provider-google_v5.45.2_x5.exe: 2026/05/04 19:38:06 [INFO] Instantiating Google Storage client for path https://storage.googleapis.com/storage/v1/
2026-05-04T19:38:06.118+0100 [DEBUG] provider.terraform-provider-google_v5.45.2_x5.exe: 2026/05/04 19:38:06 [DEBUG] Retry Transport: starting RoundTrip retry loop
2026-05-04T19:38:06.118+0100 [DEBUG] provider.terraform-provider-google_v5.45.2_x5.exe: 2026/05/04 19:38:06 [DEBUG] Retry Transport: request attempt 0
2026-05-04T19:38:06.118+0100 [DEBUG] provider.terraform-provider-google_v5.45.2_x5.exe: 2026/05/04 19:38:06 [DEBUG] Google API Request Details:
2026-05-04T19:38:06.119+0100 [DEBUG] provider.terraform-provider-google_v5.45.2_x5.exe: ---[ REQUEST ]---------------------------------------
2026-05-04T19:38:06.119+0100 [DEBUG] provider.terraform-provider-google_v5.45.2_x5.exe: GET /storage/v1/b/tfstate-pfe-2026-495220?alt=json&prettyPrint=false HTTP/1.1
2026-05-04T19:38:06.119+0100 [DEBUG] provider.terraform-provider-google_v5.45.2_x5.exe: Host: storage.googleapis.com
2026-05-04T19:38:06.119+0100 [DEBUG] provider.terraform-provider-google_v5.45.2_x5.exe: User-Agent: google-api-go-client/0.5 Terraform/1.14.8 (+https://www.terraform.io) Terraform-Plugin-SDK/2.33.0 terraform-provider-google/5.45.2
2026-05-04T19:38:06.119+0100 [DEBUG] provider.terraform-provider-google_v5.45.2_x5.exe: X-Goog-Api-Client: gl-go/1.21.13 gdcl/0.191.0
2026-05-04T19:38:06.119+0100 [DEBUG] provider.terraform-provider-google_v5.45.2_x5.exe: Accept-Encoding: gzip
2026-05-04T19:38:06.119+0100 [DEBUG] provider.terraform-provider-google_v5.45.2_x5.exe
2026-05-04T19:38:06.119+0100 [DEBUG] provider.terraform-provider-google_v5.45.2_x5.exe
2026-05-04T19:38:06.119+0100 [DEBUG] provider.terraform-provider-google_v5.45.2_x5.exe: -----------------------------------------------------
2026-05-04T19:38:06.223+0100 [DEBUG] provider.terraform-provider-google_v5.45.2_x5.exe: 2026/05/04 19:38:06 [DEBUG] Google API Response Details:
2026-05-04T19:38:06.223+0100 [DEBUG] provider.terraform-provider-google_v5.45.2_x5.exe: ---[ RESPONSE ]--------------------------------------
2026-05-04T19:38:06.223+0100 [DEBUG] provider.terraform-provider-google_v5.45.2_x5.exe: HTTP/2.0 200 OK
2026-05-04T19:38:06.223+0100 [DEBUG] provider.terraform-provider-google_v5.45.2_x5.exe: Content-Length: 972
2026-05-04T19:38:06.223+0100 [DEBUG] provider.terraform-provider-google_v5.45.2_x5.exe: Alt-Svc: h3=":443"; ma=2592000,h3-29=":443"; ma=2592000
2026-05-04T19:38:06.223+0100 [DEBUG] provider.terraform-provider-google_v5.45.2_x5.exe: Cache-Control: private, max-age=0, must-revalidate, no-transform
2026-05-04T19:38:06.223+0100 [DEBUG] provider.terraform-provider-google_v5.45.2_x5.exe: Content-Type: application/json; charset=UTF-8
2026-05-04T19:38:06.223+0100 [DEBUG] provider.terraform-provider-google_v5.45.2_x5.exe: Date: Mon, 04 May 2026 18:38:06 GMT
2026-05-04T19:38:06.223+0100 [DEBUG] provider.terraform-provider-google_v5.45.2_x5.exe: Etag: CAE=
2026-05-04T19:38:06.223+0100 [DEBUG] provider.terraform-provider-google_v5.45.2_x5.exe: Expires: Mon, 04 May 2026 18:38:06 GMT
2026-05-04T19:38:06.223+0100 [DEBUG] provider.terraform-provider-google_v5.45.2_x5.exe: Server: UploadServer
2026-05-04T19:38:06.223+0100 [DEBUG] provider.terraform-provider-google_v5.45.2_x5.exe: Vary: Origin
2026-05-04T19:38:06.223+0100 [DEBUG] provider.terraform-provider-google_v5.45.2_x5.exe: Vary: X-Origin
2026-05-04T19:38:06.223+0100 [DEBUG] provider.terraform-provider-google_v5.45.2_x5.exe: X-Guploader-Uploadid: AAVLpEgly7x86fe3k-Sv_wHtrPb1uWsfd7xlsrdkH7-eFOlXYwuKNGzxoHZv2zAGtNOkt3YP
2026-05-04T19:38:06.223+0100 [DEBUG] provider.terraform-provider-google_v5.45.2_x5.exe
2026-05-04T19:38:06.223+0100 [DEBUG] provider.terraform-provider-google_v5.45.2_x5.exe: {
2026-05-04T19:38:06.223+0100 [DEBUG] provider.terraform-provider-google_v5.45.2_x5.exe:  "kind": "storage#bucket",
2026-05-04T19:38:06.223+0100 [DEBUG] provider.terraform-provider-google_v5.45.2_x5.exe:  "selfLink": "https://www.googleapis.com/storage/v1/b/tfstate-pfe-2026-495220",
2026-05-04T19:38:06.223+0100 [DEBUG] provider.terraform-provider-google_v5.45.2_x5.exe:  "id": "tfstate-pfe-2026-495220",
2026-05-04T19:38:06.223+0100 [DEBUG] provider.terraform-provider-google_v5.45.2_x5.exe:  "name": "tfstate-pfe-2026-495220",
2026-05-04T19:38:06.223+0100 [DEBUG] provider.terraform-provider-google_v5.45.2_x5.exe:  "projectNumber": "76761593242",
2026-05-04T19:38:06.223+0100 [DEBUG] provider.terraform-provider-google_v5.45.2_x5.exe:  "generation": "1777919885878687037",
2026-05-04T19:38:06.223+0100 [DEBUG] provider.terraform-provider-google_v5.45.2_x5.exe:  "metageneration": "1",
2026-05-04T19:38:06.223+0100 [DEBUG] provider.terraform-provider-google_v5.45.2_x5.exe:  "location": "EUROPE-WEST1",
2026-05-04T19:38:06.223+0100 [DEBUG] provider.terraform-provider-google_v5.45.2_x5.exe:  "storageClass": "STANDARD",
2026-05-04T19:38:06.223+0100 [DEBUG] provider.terraform-provider-google_v5.45.2_x5.exe:  "etag": "CAE=",
2026-05-04T19:38:06.223+0100 [DEBUG] provider.terraform-provider-google_v5.45.2_x5.exe:  "timeCreated": "2026-05-04T18:38:06.289Z",
2026-05-04T19:38:06.223+0100 [DEBUG] provider.terraform-provider-google_v5.45.2_x5.exe:  "updated": "2026-05-04T18:38:06.289Z",
2026-05-04T19:38:06.223+0100 [DEBUG] provider.terraform-provider-google_v5.45.2_x5.exe:  "versioning": {
2026-05-04T19:38:06.223+0100 [DEBUG] provider.terraform-provider-google_v5.45.2_x5.exe:   "enabled": true
2026-05-04T19:38:06.223+0100 [DEBUG] provider.terraform-provider-google_v5.45.2_x5.exe:  },
2026-05-04T19:38:06.223+0100 [DEBUG] provider.terraform-provider-google_v5.45.2_x5.exe:  "lifecycle": {
2026-05-04T19:38:06.223+0100 [DEBUG] provider.terraform-provider-google_v5.45.2_x5.exe:   "rule": [
2026-05-04T19:38:06.223+0100 [DEBUG] provider.terraform-provider-google_v5.45.2_x5.exe:    {
2026-05-04T19:38:06.223+0100 [DEBUG] provider.terraform-provider-google_v5.45.2_x5.exe:     "action": {
2026-05-04T19:38:06.223+0100 [DEBUG] provider.terraform-provider-google_v5.45.2_x5.exe:      "type": "Delete"
2026-05-04T19:38:06.223+0100 [DEBUG] provider.terraform-provider-google_v5.45.2_x5.exe:     },
2026-05-04T19:38:06.223+0100 [DEBUG] provider.terraform-provider-google_v5.45.2_x5.exe:     "condition": {
2026-05-04T19:38:06.223+0100 [DEBUG] provider.terraform-provider-google_v5.45.2_x5.exe:      "age": 0,
2026-05-04T19:38:06.223+0100 [DEBUG] provider.terraform-provider-google_v5.45.2_x5.exe:      "numNewerVersions": 7
2026-05-04T19:38:06.223+0100 [DEBUG] provider.terraform-provider-google_v5.45.2_x5.exe:     }
2026-05-04T19:38:06.223+0100 [DEBUG] provider.terraform-provider-google_v5.45.2_x5.exe:    }
2026-05-04T19:38:06.223+0100 [DEBUG] provider.terraform-provider-google_v5.45.2_x5.exe:   ]
2026-05-04T19:38:06.223+0100 [DEBUG] provider.terraform-provider-google_v5.45.2_x5.exe:  },
2026-05-04T19:38:06.223+0100 [DEBUG] provider.terraform-provider-google_v5.45.2_x5.exe:  "labels": {
2026-05-04T19:38:06.223+0100 [DEBUG] provider.terraform-provider-google_v5.45.2_x5.exe:   "purpose": "terraform-remote-backend",
2026-05-04T19:38:06.223+0100 [DEBUG] provider.terraform-provider-google_v5.45.2_x5.exe:   "project": "pfe",
2026-05-04T19:38:06.223+0100 [DEBUG] provider.terraform-provider-google_v5.45.2_x5.exe:   "managed-by": "terraform"
2026-05-04T19:38:06.223+0100 [DEBUG] provider.terraform-provider-google_v5.45.2_x5.exe:  },
2026-05-04T19:38:06.223+0100 [DEBUG] provider.terraform-provider-google_v5.45.2_x5.exe:  "softDeletePolicy": {
2026-05-04T19:38:06.223+0100 [DEBUG] provider.terraform-provider-google_v5.45.2_x5.exe:   "retentionDurationSeconds": "604800",
2026-05-04T19:38:06.223+0100 [DEBUG] provider.terraform-provider-google_v5.45.2_x5.exe:   "effectiveTime": "2026-05-04T18:38:06.289Z"
2026-05-04T19:38:06.223+0100 [DEBUG] provider.terraform-provider-google_v5.45.2_x5.exe:  },
2026-05-04T19:38:06.223+0100 [DEBUG] provider.terraform-provider-google_v5.45.2_x5.exe:  "iamConfiguration": {
2026-05-04T19:38:06.223+0100 [DEBUG] provider.terraform-provider-google_v5.45.2_x5.exe:   "bucketPolicyOnly": {
2026-05-04T19:38:06.223+0100 [DEBUG] provider.terraform-provider-google_v5.45.2_x5.exe:    "enabled": true,
2026-05-04T19:38:06.223+0100 [DEBUG] provider.terraform-provider-google_v5.45.2_x5.exe:    "lockedTime": "2026-08-02T18:38:06.289Z"
2026-05-04T19:38:06.223+0100 [DEBUG] provider.terraform-provider-google_v5.45.2_x5.exe:   },
2026-05-04T19:38:06.223+0100 [DEBUG] provider.terraform-provider-google_v5.45.2_x5.exe:   "uniformBucketLevelAccess": {
2026-05-04T19:38:06.223+0100 [DEBUG] provider.terraform-provider-google_v5.45.2_x5.exe:    "enabled": true,
2026-05-04T19:38:06.223+0100 [DEBUG] provider.terraform-provider-google_v5.45.2_x5.exe:    "lockedTime": "2026-08-02T18:38:06.289Z"
2026-05-04T19:38:06.223+0100 [DEBUG] provider.terraform-provider-google_v5.45.2_x5.exe:   },
2026-05-04T19:38:06.223+0100 [DEBUG] provider.terraform-provider-google_v5.45.2_x5.exe:   "publicAccessPrevention": "inherited"
2026-05-04T19:38:06.223+0100 [DEBUG] provider.terraform-provider-google_v5.45.2_x5.exe:  },
2026-05-04T19:38:06.223+0100 [DEBUG] provider.terraform-provider-google_v5.45.2_x5.exe:  "locationType": "region",
2026-05-04T19:38:06.223+0100 [DEBUG] provider.terraform-provider-google_v5.45.2_x5.exe:  "satisfiesPZI": true
2026-05-04T19:38:06.223+0100 [DEBUG] provider.terraform-provider-google_v5.45.2_x5.exe: }
2026-05-04T19:38:06.223+0100 [DEBUG] provider.terraform-provider-google_v5.45.2_x5.exe: -----------------------------------------------------
2026-05-04T19:38:06.223+0100 [DEBUG] provider.terraform-provider-google_v5.45.2_x5.exe: 2026/05/04 19:38:06 [DEBUG] Retry Transport: Stopping retries, last request was successful
2026-05-04T19:38:06.223+0100 [DEBUG] provider.terraform-provider-google_v5.45.2_x5.exe: 2026/05/04 19:38:06 [DEBUG] Retry Transport: Returning after 1 attempts
2026-05-04T19:38:06.223+0100 [DEBUG] provider.terraform-provider-google_v5.45.2_x5.exe: 2026/05/04 19:38:06 [DEBUG] Read bucket tfstate-pfe-2026-495220 at location https://www.googleapis.com/storage/v1/b/tfstate-pfe-2026-495220
2026-05-04T19:38:06.223+0100 [DEBUG] provider.terraform-provider-google_v5.45.2_x5.exe
2026-05-04T19:38:06.228+0100 [WARN]  Provider "provider[\"registry.terraform.io/hashicorp/google\"]" produced an unexpected new value for google_storage_bucket.tfstate, but we are tolerating it because it is using the legacy plugin SDK.
    The following problems may be the cause of any confusing errors from downstream operations:
      - .requester_pays: was null, but now cty.False
      - .enable_object_retention: was null, but now cty.False
      - .default_event_based_hold: was null, but now cty.False
      - .lifecycle_rule[0].condition: planned set element cty.ObjectVal(map[string]cty.Value{"age":cty.NullVal(cty.Number), "created_before":cty.StringVal(""), "custom_time_before":cty.StringVal(""), "days_since_custom_time":cty.NullVal(cty.Number), "days_since_noncurrent_time":cty.NullVal(cty.Number), "matches_prefix":cty.ListValEmpty(cty.String), "matches_storage_class":cty.ListValEmpty(cty.String), "matches_suffix":cty.ListValEmpty(cty.String), "no_age":cty.NullVal(cty.Bool), "noncurrent_time_before":cty.StringVal(""), "num_newer_versions":cty.NumberIntVal(7), "send_age_if_zero":cty.True, "send_days_since_custom_time_if_zero":cty.NullVal(cty.Bool), "send_days_since_noncurrent_time_if_zero":cty.NullVal(cty.Bool), "send_num_newer_versions_if_zero":cty.NullVal(cty.Bool), "with_state":cty.UnknownVal(cty.String)}) does not correlate with any element in actual
2026-05-04T19:38:06.233+0100 [DEBUG] State storage *statemgr.Filesystem declined to persist a state snapshot
2026-05-04T19:38:06.235+0100 [DEBUG] provider.terraform-provider-google_v5.45.2_x5.exe: 2026/05/04 19:38:06 [DEBUG] [transport] [server-transport 0xc000246300] Closing: Server.Stop called 
2026-05-04T19:38:06.235+0100 [DEBUG] provider.terraform-provider-google_v5.45.2_x5.exe: 2026/05/04 19:38:06 [DEBUG] [transport] [server-transport 0xc000246300] loopyWriter exiting with error: transport closed by client 
2026-05-04T19:38:06.235+0100 [DEBUG] provider.stdio: received EOF, stopping recv loop: err="rpc error: code = Unavailable desc = error reading from server: EOF"
2026-05-04T19:38:06.268+0100 [INFO]  provider: plugin process exited: plugin=.terraform/providers/registry.terraform.io/hashicorp/google/5.45.2/windows_amd64/terraform-provider-google_v5.45.2_x5.exe id=15628
2026-05-04T19:38:06.268+0100 [DEBUG] provider: plugin exited
